// Jest Snapshot v1, https://goo.gl/fbAQLP

exports[`getImages Saga should call the imagesLoadedError action if the response errors 1`] = `
Object {
  "@@redux-saga/IO": true,
  "CALL": Object {
    "args": Array [
      "http://weyveed.herokuapp.com/test/images",
    ],
    "context": null,
    "fn": [Function],
  },
}
`;

exports[`getImages Saga should dispatch the imagesLoaded action if it requests the data successfully 1`] = `
Object {
  "@@redux-saga/IO": true,
  "CALL": Object {
    "args": Array [
      "http://weyveed.herokuapp.com/test/images",
    ],
    "context": null,
    "fn": [Function],
  },
}
`;
